26-09-07.16:25:21.652 [main            ] INFO  RaffleOrderTest        - Starting RaffleOrderTest using Java 17.0.14 on DESKTOP-VADTIRO with PID 11172 (started by asule in D:\coding\project\xfg_project\big-market\big-market-app)
26-09-07.16:25:21.653 [main            ] INFO  RaffleOrderTest        - The following 1 profile is active: "dev"
26-09-07.16:25:22.504 [main            ] INFO  RepositoryConfigurationDelegate - Multiple Spring Data modules found, entering strict repository configuration mode
26-09-07.16:25:22.507 [main            ] INFO  RepositoryConfigurationDelegate - Bootstrapping Spring Data Redis repositories in DEFAULT mode.
26-09-07.16:25:22.565 [main            ] INFO  RepositoryConfigurationDelegate - Finished Spring Data repository scanning in 29 ms. Found 0 Redis repository interfaces.
26-09-07.16:25:24.077 [main            ] INFO  Version                - Redisson 3.23.4
26-09-07.16:25:24.381 [redisson-netty-2-5] INFO  MasterPubSubConnectionPool - 1 connections initialized for 192.168.55.200/192.168.55.200:6379
26-09-07.16:25:24.396 [redisson-netty-2-13] INFO  MasterConnectionPool   - 5 connections initialized for 192.168.55.200/192.168.55.200:6379
26-09-07.16:25:25.131 [main            ] WARN  GenericWebApplicationContext - Exception encountered during context initialization - cancelling refresh attempt: org.springframework.beans.factory.BeanCreationException: Error creating bean with name 'requestMappingHandlerMapping' defined in class path resource [org/springframework/boot/autoconfigure/web/servlet/WebMvcAutoConfiguration$EnableWebMvcConfiguration.class]: Invocation of init method failed; nested exception is java.lang.IllegalStateException: Invalid mapping on handler class [cn.bugstack.trigger.http.RaffleController]: public cn.bugstack.types.model.Response cn.bugstack.trigger.http.RaffleController.strategyArmory(java.lang.Long)
26-09-07.16:25:25.161 [main            ] INFO  ConditionEvaluationReportLoggingListener - 

Error starting ApplicationContext. To display the conditions report re-run your application with 'debug' enabled.
26-09-07.16:25:25.178 [main            ] ERROR SpringApplication      - Application run failed
org.springframework.beans.factory.BeanCreationException: Error creating bean with name 'requestMappingHandlerMapping' defined in class path resource [org/springframework/boot/autoconfigure/web/servlet/WebMvcAutoConfiguration$EnableWebMvcConfiguration.class]: Invocation of init method failed; nested exception is java.lang.IllegalStateException: Invalid mapping on handler class [cn.bugstack.trigger.http.RaffleController]: public cn.bugstack.types.model.Response cn.bugstack.trigger.http.RaffleController.strategyArmory(java.lang.Long)
	at org.springframework.beans.factory.support.AbstractAutowireCapableBeanFactory.initializeBean(AbstractAutowireCapableBeanFactory.java:1804)
	at org.springframework.beans.factory.support.AbstractAutowireCapableBeanFactory.doCreateBean(AbstractAutowireCapableBeanFactory.java:620)
	at org.springframework.beans.factory.support.AbstractAutowireCapableBeanFactory.createBean(AbstractAutowireCapableBeanFactory.java:542)
	at org.springframework.beans.factory.support.AbstractBeanFactory.lambda$doGetBean$0(AbstractBeanFactory.java:335)
	at org.springframework.beans.factory.support.DefaultSingletonBeanRegistry.getSingleton(DefaultSingletonBeanRegistry.java:234)
	at org.springframework.beans.factory.support.AbstractBeanFactory.doGetBean(AbstractBeanFactory.java:333)
	at org.springframework.beans.factory.support.AbstractBeanFactory.getBean(AbstractBeanFactory.java:208)
	at org.springframework.beans.factory.support.DefaultListableBeanFactory.preInstantiateSingletons(DefaultListableBeanFactory.java:955)
	at org.springframework.context.support.AbstractApplicationContext.finishBeanFactoryInitialization(AbstractApplicationContext.java:920)
	at org.springframework.context.support.AbstractApplicationContext.refresh(AbstractApplicationContext.java:583)
	at org.springframework.boot.SpringApplication.refresh(SpringApplication.java:731)
	at org.springframework.boot.SpringApplication.refreshContext(SpringApplication.java:408)
	at org.springframework.boot.SpringApplication.run(SpringApplication.java:307)
	at org.springframework.boot.test.context.SpringBootContextLoader.loadContext(SpringBootContextLoader.java:136)
	at org.springframework.test.context.cache.DefaultCacheAwareContextLoaderDelegate.loadContextInternal(DefaultCacheAwareContextLoaderDelegate.java:141)
	at org.springframework.test.context.cache.DefaultCacheAwareContextLoaderDelegate.loadContext(DefaultCacheAwareContextLoaderDelegate.java:90)
	at org.springframework.test.context.support.DefaultTestContext.getApplicationContext(DefaultTestContext.java:124)
	at org.springframework.test.context.web.ServletTestExecutionListener.setUpRequestContextIfNecessary(ServletTestExecutionListener.java:190)
	at org.springframework.test.context.web.ServletTestExecutionListener.prepareTestInstance(ServletTestExecutionListener.java:132)
	at org.springframework.test.context.TestContextManager.prepareTestInstance(TestContextManager.java:248)
	at org.springframework.test.context.junit4.SpringJUnit4ClassRunner.createTest(SpringJUnit4ClassRunner.java:227)
	at org.springframework.test.context.junit4.SpringJUnit4ClassRunner$1.runReflectiveCall(SpringJUnit4ClassRunner.java:289)
	at org.junit.internal.runners.model.ReflectiveCallable.run(ReflectiveCallable.java:12)
	at org.springframework.test.context.junit4.SpringJUnit4ClassRunner.methodBlock(SpringJUnit4ClassRunner.java:291)
	at org.springframework.test.context.junit4.SpringJUnit4ClassRunner.runChild(SpringJUnit4ClassRunner.java:246)
	at org.springframework.test.context.junit4.SpringJUnit4ClassRunner.runChild(SpringJUnit4ClassRunner.java:97)
	at org.junit.runners.ParentRunner$4.run(ParentRunner.java:331)
	at org.junit.runners.ParentRunner$1.schedule(ParentRunner.java:79)
	at org.junit.runners.ParentRunner.runChildren(ParentRunner.java:329)
	at org.junit.runners.ParentRunner.access$100(ParentRunner.java:66)
	at org.junit.runners.ParentRunner$2.evaluate(ParentRunner.java:293)
	at org.springframework.test.context.junit4.statements.RunBeforeTestClassCallbacks.evaluate(RunBeforeTestClassCallbacks.java:61)
	at org.springframework.test.context.junit4.statements.RunAfterTestClassCallbacks.evaluate(RunAfterTestClassCallbacks.java:70)
	at org.junit.runners.ParentRunner$3.evaluate(ParentRunner.java:306)
	at org.junit.runners.ParentRunner.run(ParentRunner.java:413)
	at org.springframework.test.context.junit4.SpringJUnit4ClassRunner.run(SpringJUnit4ClassRunner.java:190)
	at org.junit.runner.JUnitCore.run(JUnitCore.java:137)
	at com.intellij.junit4.JUnit4IdeaTestRunner.startRunnerWithArgs(JUnit4IdeaTestRunner.java:69)
	at com.intellij.rt.junit.IdeaTestRunner$Repeater$1.execute(IdeaTestRunner.java:38)
	at com.intellij.rt.execution.junit.TestsRepeater.repeat(TestsRepeater.java:11)
	at com.intellij.rt.junit.IdeaTestRunner$Repeater.startRunnerWithArgs(IdeaTestRunner.java:35)
	at com.intellij.rt.junit.JUnitStarter.prepareStreamsAndStart(JUnitStarter.java:235)
	at com.intellij.rt.junit.JUnitStarter.main(JUnitStarter.java:54)
Caused by: java.lang.IllegalStateException: Invalid mapping on handler class [cn.bugstack.trigger.http.RaffleController]: public cn.bugstack.types.model.Response cn.bugstack.trigger.http.RaffleController.strategyArmory(java.lang.Long)
	at org.springframework.web.servlet.handler.AbstractHandlerMethodMapping.lambda$detectHandlerMethods$1(AbstractHandlerMethodMapping.java:288)
	at org.springframework.core.MethodIntrospector.lambda$selectMethods$0(MethodIntrospector.java:74)
	at org.springframework.util.ReflectionUtils.doWithMethods(ReflectionUtils.java:367)
	at org.springframework.core.MethodIntrospector.selectMethods(MethodIntrospector.java:72)
	at org.springframework.web.servlet.handler.AbstractHandlerMethodMapping.detectHandlerMethods(AbstractHandlerMethodMapping.java:281)
	at org.springframework.web.servlet.handler.AbstractHandlerMethodMapping.processCandidateBean(AbstractHandlerMethodMapping.java:266)
	at org.springframework.web.servlet.handler.AbstractHandlerMethodMapping.initHandlerMethods(AbstractHandlerMethodMapping.java:225)
	at org.springframework.web.servlet.handler.AbstractHandlerMethodMapping.afterPropertiesSet(AbstractHandlerMethodMapping.java:213)
	at org.springframework.web.servlet.mvc.method.annotation.RequestMappingHandlerMapping.afterPropertiesSet(RequestMappingHandlerMapping.java:205)
	at org.springframework.beans.factory.support.AbstractAutowireCapableBeanFactory.invokeInitMethods(AbstractAutowireCapableBeanFactory.java:1863)
	at org.springframework.beans.factory.support.AbstractAutowireCapableBeanFactory.initializeBean(AbstractAutowireCapableBeanFactory.java:1800)
	... 42 common frames omitted
Caused by: java.lang.IllegalArgumentException: Could not resolve placeholder 'app.config.api-version' in value "/api/${app.config.api-version}/raffle/"
	at org.springframework.util.PropertyPlaceholderHelper.parseStringValue(PropertyPlaceholderHelper.java:180)
	at org.springframework.util.PropertyPlaceholderHelper.replacePlaceholders(PropertyPlaceholderHelper.java:126)
	at org.springframework.core.env.AbstractPropertyResolver.doResolvePlaceholders(AbstractPropertyResolver.java:239)
	at org.springframework.core.env.AbstractPropertyResolver.resolveRequiredPlaceholders(AbstractPropertyResolver.java:210)
	at org.springframework.context.support.PropertySourcesPlaceholderConfigurer.lambda$processProperties$0(PropertySourcesPlaceholderConfigurer.java:191)
	at org.springframework.beans.factory.support.AbstractBeanFactory.resolveEmbeddedValue(AbstractBeanFactory.java:936)
	at org.springframework.beans.factory.config.EmbeddedValueResolver.resolveStringValue(EmbeddedValueResolver.java:54)
	at org.springframework.web.servlet.mvc.method.annotation.RequestMappingHandlerMapping.resolveEmbeddedValuesInPatterns(RequestMappingHandlerMapping.java:393)
	at org.springframework.web.servlet.mvc.method.annotation.RequestMappingHandlerMapping.createRequestMappingInfo(RequestMappingHandlerMapping.java:369)
	at org.springframework.web.servlet.mvc.method.annotation.RequestMappingHandlerMapping.createRequestMappingInfo(RequestMappingHandlerMapping.java:324)
	at org.springframework.web.servlet.mvc.method.annotation.RequestMappingHandlerMapping.getMappingForMethod(RequestMappingHandlerMapping.java:286)
	at org.springframework.web.servlet.mvc.method.annotation.RequestMappingHandlerMapping.getMappingForMethod(RequestMappingHandlerMapping.java:76)
	at org.springframework.web.servlet.handler.AbstractHandlerMethodMapping.lambda$detectHandlerMethods$1(AbstractHandlerMethodMapping.java:284)
	... 52 common frames omitted
26-09-07.16:25:25.180 [main            ] ERROR TestContextManager     - Caught exception while allowing TestExecutionListener [org.springframework.test.context.web.ServletTestExecutionListener@533bda92] to prepare test instance [cn.bugstack.test.domain.activity.RaffleOrderTest@1123d461]
java.lang.IllegalStateException: Failed to load ApplicationContext
	at org.springframework.test.context.cache.DefaultCacheAwareContextLoaderDelegate.loadContext(DefaultCacheAwareContextLoaderDelegate.java:98)
	at org.springframework.test.context.support.DefaultTestContext.getApplicationContext(DefaultTestContext.java:124)
	at org.springframework.test.context.web.ServletTestExecutionListener.setUpRequestContextIfNecessary(ServletTestExecutionListener.java:190)
	at org.springframework.test.context.web.ServletTestExecutionListener.prepareTestInstance(ServletTestExecutionListener.java:132)
	at org.springframework.test.context.TestContextManager.prepareTestInstance(TestContextManager.java:248)
	at org.springframework.test.context.junit4.SpringJUnit4ClassRunner.createTest(SpringJUnit4ClassRunner.java:227)
	at org.springframework.test.context.junit4.SpringJUnit4ClassRunner$1.runReflectiveCall(SpringJUnit4ClassRunner.java:289)
	at org.junit.internal.runners.model.ReflectiveCallable.run(ReflectiveCallable.java:12)
	at org.springframework.test.context.junit4.SpringJUnit4ClassRunner.methodBlock(SpringJUnit4ClassRunner.java:291)
	at org.springframework.test.context.junit4.SpringJUnit4ClassRunner.runChild(SpringJUnit4ClassRunner.java:246)
	at org.springframework.test.context.junit4.SpringJUnit4ClassRunner.runChild(SpringJUnit4ClassRunner.java:97)
	at org.junit.runners.ParentRunner$4.run(ParentRunner.java:331)
	at org.junit.runners.ParentRunner$1.schedule(ParentRunner.java:79)
	at org.junit.runners.ParentRunner.runChildren(ParentRunner.java:329)
	at org.junit.runners.ParentRunner.access$100(ParentRunner.java:66)
	at org.junit.runners.ParentRunner$2.evaluate(ParentRunner.java:293)
	at org.springframework.test.context.junit4.statements.RunBeforeTestClassCallbacks.evaluate(RunBeforeTestClassCallbacks.java:61)
	at org.springframework.test.context.junit4.statements.RunAfterTestClassCallbacks.evaluate(RunAfterTestClassCallbacks.java:70)
	at org.junit.runners.ParentRunner$3.evaluate(ParentRunner.java:306)
	at org.junit.runners.ParentRunner.run(ParentRunner.java:413)
	at org.springframework.test.context.junit4.SpringJUnit4ClassRunner.run(SpringJUnit4ClassRunner.java:190)
	at org.junit.runner.JUnitCore.run(JUnitCore.java:137)
	at com.intellij.junit4.JUnit4IdeaTestRunner.startRunnerWithArgs(JUnit4IdeaTestRunner.java:69)
	at com.intellij.rt.junit.IdeaTestRunner$Repeater$1.execute(IdeaTestRunner.java:38)
	at com.intellij.rt.execution.junit.TestsRepeater.repeat(TestsRepeater.java:11)
	at com.intellij.rt.junit.IdeaTestRunner$Repeater.startRunnerWithArgs(IdeaTestRunner.java:35)
	at com.intellij.rt.junit.JUnitStarter.prepareStreamsAndStart(JUnitStarter.java:235)
	at com.intellij.rt.junit.JUnitStarter.main(JUnitStarter.java:54)
Caused by: org.springframework.beans.factory.BeanCreationException: Error creating bean with name 'requestMappingHandlerMapping' defined in class path resource [org/springframework/boot/autoconfigure/web/servlet/WebMvcAutoConfiguration$EnableWebMvcConfiguration.class]: Invocation of init method failed; nested exception is java.lang.IllegalStateException: Invalid mapping on handler class [cn.bugstack.trigger.http.RaffleController]: public cn.bugstack.types.model.Response cn.bugstack.trigger.http.RaffleController.strategyArmory(java.lang.Long)
	at org.springframework.beans.factory.support.AbstractAutowireCapableBeanFactory.initializeBean(AbstractAutowireCapableBeanFactory.java:1804)
	at org.springframework.beans.factory.support.AbstractAutowireCapableBeanFactory.doCreateBean(AbstractAutowireCapableBeanFactory.java:620)
	at org.springframework.beans.factory.support.AbstractAutowireCapableBeanFactory.createBean(AbstractAutowireCapableBeanFactory.java:542)
	at org.springframework.beans.factory.support.AbstractBeanFactory.lambda$doGetBean$0(AbstractBeanFactory.java:335)
	at org.springframework.beans.factory.support.DefaultSingletonBeanRegistry.getSingleton(DefaultSingletonBeanRegistry.java:234)
	at org.springframework.beans.factory.support.AbstractBeanFactory.doGetBean(AbstractBeanFactory.java:333)
	at org.springframework.beans.factory.support.AbstractBeanFactory.getBean(AbstractBeanFactory.java:208)
	at org.springframework.beans.factory.support.DefaultListableBeanFactory.preInstantiateSingletons(DefaultListableBeanFactory.java:955)
	at org.springframework.context.support.AbstractApplicationContext.finishBeanFactoryInitialization(AbstractApplicationContext.java:920)
	at org.springframework.context.support.AbstractApplicationContext.refresh(AbstractApplicationContext.java:583)
	at org.springframework.boot.SpringApplication.refresh(SpringApplication.java:731)
	at org.springframework.boot.SpringApplication.refreshContext(SpringApplication.java:408)
	at org.springframework.boot.SpringApplication.run(SpringApplication.java:307)
	at org.springframework.boot.test.context.SpringBootContextLoader.loadContext(SpringBootContextLoader.java:136)
	at org.springframework.test.context.cache.DefaultCacheAwareContextLoaderDelegate.loadContextInternal(DefaultCacheAwareContextLoaderDelegate.java:141)
	at org.springframework.test.context.cache.DefaultCacheAwareContextLoaderDelegate.loadContext(DefaultCacheAwareContextLoaderDelegate.java:90)
	... 27 common frames omitted
Caused by: java.lang.IllegalStateException: Invalid mapping on handler class [cn.bugstack.trigger.http.RaffleController]: public cn.bugstack.types.model.Response cn.bugstack.trigger.http.RaffleController.strategyArmory(java.lang.Long)
	at org.springframework.web.servlet.handler.AbstractHandlerMethodMapping.lambda$detectHandlerMethods$1(AbstractHandlerMethodMapping.java:288)
	at org.springframework.core.MethodIntrospector.lambda$selectMethods$0(MethodIntrospector.java:74)
	at org.springframework.util.ReflectionUtils.doWithMethods(ReflectionUtils.java:367)
	at org.springframework.core.MethodIntrospector.selectMethods(MethodIntrospector.java:72)
	at org.springframework.web.servlet.handler.AbstractHandlerMethodMapping.detectHandlerMethods(AbstractHandlerMethodMapping.java:281)
	at org.springframework.web.servlet.handler.AbstractHandlerMethodMapping.processCandidateBean(AbstractHandlerMethodMapping.java:266)
	at org.springframework.web.servlet.handler.AbstractHandlerMethodMapping.initHandlerMethods(AbstractHandlerMethodMapping.java:225)
	at org.springframework.web.servlet.handler.AbstractHandlerMethodMapping.afterPropertiesSet(AbstractHandlerMethodMapping.java:213)
	at org.springframework.web.servlet.mvc.method.annotation.RequestMappingHandlerMapping.afterPropertiesSet(RequestMappingHandlerMapping.java:205)
	at org.springframework.beans.factory.support.AbstractAutowireCapableBeanFactory.invokeInitMethods(AbstractAutowireCapableBeanFactory.java:1863)
	at org.springframework.beans.factory.support.AbstractAutowireCapableBeanFactory.initializeBean(AbstractAutowireCapableBeanFactory.java:1800)
	... 42 common frames omitted
Caused by: java.lang.IllegalArgumentException: Could not resolve placeholder 'app.config.api-version' in value "/api/${app.config.api-version}/raffle/"
	at org.springframework.util.PropertyPlaceholderHelper.parseStringValue(PropertyPlaceholderHelper.java:180)
	at org.springframework.util.PropertyPlaceholderHelper.replacePlaceholders(PropertyPlaceholderHelper.java:126)
	at org.springframework.core.env.AbstractPropertyResolver.doResolvePlaceholders(AbstractPropertyResolver.java:239)
	at org.springframework.core.env.AbstractPropertyResolver.resolveRequiredPlaceholders(AbstractPropertyResolver.java:210)
	at org.springframework.context.support.PropertySourcesPlaceholderConfigurer.lambda$processProperties$0(PropertySourcesPlaceholderConfigurer.java:191)
	at org.springframework.beans.factory.support.AbstractBeanFactory.resolveEmbeddedValue(AbstractBeanFactory.java:936)
	at org.springframework.beans.factory.config.EmbeddedValueResolver.resolveStringValue(EmbeddedValueResolver.java:54)
	at org.springframework.web.servlet.mvc.method.annotation.RequestMappingHandlerMapping.resolveEmbeddedValuesInPatterns(RequestMappingHandlerMapping.java:393)
	at org.springframework.web.servlet.mvc.method.annotation.RequestMappingHandlerMapping.createRequestMappingInfo(RequestMappingHandlerMapping.java:369)
	at org.springframework.web.servlet.mvc.method.annotation.RequestMappingHandlerMapping.createRequestMappingInfo(RequestMappingHandlerMapping.java:324)
	at org.springframework.web.servlet.mvc.method.annotation.RequestMappingHandlerMapping.getMappingForMethod(RequestMappingHandlerMapping.java:286)
	at org.springframework.web.servlet.mvc.method.annotation.RequestMappingHandlerMapping.getMappingForMethod(RequestMappingHandlerMapping.java:76)
	at org.springframework.web.servlet.handler.AbstractHandlerMethodMapping.lambda$detectHandlerMethods$1(AbstractHandlerMethodMapping.java:284)
	... 52 common frames omitted
26-09-07.16:27:34.578 [main            ] INFO  RaffleOrderTest        - Starting RaffleOrderTest using Java 17.0.14 on DESKTOP-VADTIRO with PID 20076 (started by asule in D:\coding\project\xfg_project\big-market\big-market-app)
26-09-07.16:27:34.579 [main            ] INFO  RaffleOrderTest        - The following 1 profile is active: "dev"
26-09-07.16:27:35.257 [main            ] INFO  RepositoryConfigurationDelegate - Multiple Spring Data modules found, entering strict repository configuration mode
26-09-07.16:27:35.259 [main            ] INFO  RepositoryConfigurationDelegate - Bootstrapping Spring Data Redis repositories in DEFAULT mode.
26-09-07.16:27:35.289 [main            ] INFO  RepositoryConfigurationDelegate - Finished Spring Data repository scanning in 18 ms. Found 0 Redis repository interfaces.
26-09-07.16:27:36.461 [main            ] INFO  Version                - Redisson 3.23.4
26-09-07.16:27:36.773 [redisson-netty-2-5] INFO  MasterPubSubConnectionPool - 1 connections initialized for 192.168.55.200/192.168.55.200:6379
26-09-07.16:27:36.789 [redisson-netty-2-13] INFO  MasterConnectionPool   - 5 connections initialized for 192.168.55.200/192.168.55.200:6379
26-09-07.16:27:38.264 [main            ] INFO  EndpointLinksResolver  - Exposing 1 endpoint(s) beneath base path '/actuator'
26-09-07.16:27:38.321 [main            ] INFO  RaffleOrderTest        - Started RaffleOrderTest in 4.102 seconds (JVM running for 4.87)
26-09-07.16:28:02.634 [scheduling-1    ] INFO  UpdateAwardStockJob    - 定时任务，更新奖品消耗库存【延迟队列获取，降低对数据库的更新频次，不要产生竞争】
26-09-07.16:28:02.670 [main            ] INFO  HikariDataSource       - HikariPool-1 - Starting...
26-09-07.16:28:02.985 [main            ] INFO  HikariDataSource       - HikariPool-1 - Start completed.
26-09-07.16:28:03.220 [main            ] INFO  AbstractRaffleActivity - 查询结果：{"activityCountId":11101,"activityId":100301,"sku":9011,"stockCount":0,"stockCountSurplus":0} {"activityDesc":"测试活动","activityId":100301,"activityName":"测试活动","beginDateTime":1709979310000,"endDateTime":2025512110000,"state":"create","strategyId":100006} {"activityCountId":11101,"dayCount":1,"monthCount":1,"totalCount":1}
26-09-07.16:28:03.226 [main            ] INFO  RaffleOrderTest        - 测试结果：{}
26-09-07.16:28:03.252 [SpringApplicationShutdownHook] INFO  HikariDataSource       - HikariPool-1 - Shutdown initiated...
26-09-07.16:28:03.263 [SpringApplicationShutdownHook] INFO  HikariDataSource       - HikariPool-1 - Shutdown completed.
26-09-07.16:28:11.181 [main            ] INFO  RaffleOrderTest        - Starting RaffleOrderTest using Java 17.0.14 on DESKTOP-VADTIRO with PID 19980 (started by asule in D:\coding\project\xfg_project\big-market\big-market-app)
26-09-07.16:28:11.182 [main            ] INFO  RaffleOrderTest        - The following 1 profile is active: "dev"
26-09-07.16:28:11.871 [main            ] INFO  RepositoryConfigurationDelegate - Multiple Spring Data modules found, entering strict repository configuration mode
26-09-07.16:28:11.873 [main            ] INFO  RepositoryConfigurationDelegate - Bootstrapping Spring Data Redis repositories in DEFAULT mode.
26-09-07.16:28:11.904 [main            ] INFO  RepositoryConfigurationDelegate - Finished Spring Data repository scanning in 17 ms. Found 0 Redis repository interfaces.
26-09-07.16:28:13.044 [main            ] INFO  Version                - Redisson 3.23.4
26-09-07.16:28:13.343 [redisson-netty-2-5] INFO  MasterPubSubConnectionPool - 1 connections initialized for 192.168.55.200/192.168.55.200:6379
26-09-07.16:28:13.361 [redisson-netty-2-13] INFO  MasterConnectionPool   - 5 connections initialized for 192.168.55.200/192.168.55.200:6379
26-09-07.16:28:14.735 [main            ] INFO  EndpointLinksResolver  - Exposing 1 endpoint(s) beneath base path '/actuator'
26-09-07.16:28:14.785 [main            ] INFO  RaffleOrderTest        - Started RaffleOrderTest in 3.965 seconds (JVM running for 4.629)
26-09-07.16:28:15.002 [scheduling-1    ] INFO  UpdateAwardStockJob    - 定时任务，更新奖品消耗库存【延迟队列获取，降低对数据库的更新频次，不要产生竞争】
26-09-07.16:28:28.954 [scheduling-1    ] INFO  UpdateAwardStockJob    - 定时任务，更新奖品消耗库存【延迟队列获取，降低对数据库的更新频次，不要产生竞争】
26-09-07.16:29:14.498 [scheduling-1    ] INFO  UpdateAwardStockJob    - 定时任务，更新奖品消耗库存【延迟队列获取，降低对数据库的更新频次，不要产生竞争】
26-09-07.16:29:15.676 [scheduling-1    ] INFO  UpdateAwardStockJob    - 定时任务，更新奖品消耗库存【延迟队列获取，降低对数据库的更新频次，不要产生竞争】
26-09-07.16:29:15.727 [main            ] INFO  HikariDataSource       - HikariPool-1 - Starting...
26-09-07.16:29:16.477 [main            ] INFO  HikariDataSource       - HikariPool-1 - Start completed.
26-09-07.16:29:30.137 [scheduling-1    ] INFO  UpdateAwardStockJob    - 定时任务，更新奖品消耗库存【延迟队列获取，降低对数据库的更新频次，不要产生竞争】
26-09-07.16:29:37.605 [scheduling-1    ] INFO  UpdateAwardStockJob    - 定时任务，更新奖品消耗库存【延迟队列获取，降低对数据库的更新频次，不要产生竞争】
26-09-07.16:30:51.203 [HikariPool-1 housekeeper] WARN  HikariPool             - HikariPool-1 - Thread starvation or clock leap detected (housekeeper delta=1m34s624ms860µs200ns).
26-09-07.16:30:51.203 [scheduling-1    ] INFO  UpdateAwardStockJob    - 定时任务，更新奖品消耗库存【延迟队列获取，降低对数据库的更新频次，不要产生竞争】
26-09-07.16:30:54.113 [main            ] INFO  AbstractRaffleActivity - 查询结果：{"activityCountId":11101,"activityId":100301,"sku":9011,"stockCount":0,"stockCountSurplus":0} {"activityDesc":"测试活动","activityId":100301,"activityName":"测试活动","beginDateTime":1709979310000,"endDateTime":2025512110000,"state":"create","strategyId":100006} {"activityCountId":11101,"dayCount":1,"monthCount":1,"totalCount":1}
26-09-07.16:30:55.472 [scheduling-1    ] INFO  UpdateAwardStockJob    - 定时任务，更新奖品消耗库存【延迟队列获取，降低对数据库的更新频次，不要产生竞争】
26-09-07.16:30:57.218 [main            ] INFO  RaffleOrderTest        - 测试结果：{}
26-09-07.16:30:57.246 [SpringApplicationShutdownHook] INFO  HikariDataSource       - HikariPool-1 - Shutdown initiated...
26-09-07.16:30:57.254 [SpringApplicationShutdownHook] INFO  HikariDataSource       - HikariPool-1 - Shutdown completed.
26-09-07.19:06:05.892 [main            ] INFO  RaffleActivityOrderDaoTest - Starting RaffleActivityOrderDaoTest using Java 17.0.14 on DESKTOP-VADTIRO with PID 25988 (started by asule in D:\coding\project\xfg_project\big-market\big-market-app)
26-09-07.19:06:05.893 [main            ] INFO  RaffleActivityOrderDaoTest - The following 1 profile is active: "dev"
26-09-07.19:06:06.736 [main            ] INFO  RepositoryConfigurationDelegate - Multiple Spring Data modules found, entering strict repository configuration mode
26-09-07.19:06:06.739 [main            ] INFO  RepositoryConfigurationDelegate - Bootstrapping Spring Data Redis repositories in DEFAULT mode.
26-09-07.19:06:06.779 [main            ] INFO  RepositoryConfigurationDelegate - Finished Spring Data repository scanning in 20 ms. Found 0 Redis repository interfaces.
26-09-07.19:08:43.588 [main            ] INFO  Version                - Redisson 3.23.4
26-09-07.19:08:43.930 [redisson-netty-2-5] INFO  MasterPubSubConnectionPool - 1 connections initialized for 192.168.55.200/192.168.55.200:6379
26-09-07.19:08:43.947 [redisson-netty-2-13] INFO  MasterConnectionPool   - 5 connections initialized for 192.168.55.200/192.168.55.200:6379
26-09-07.19:08:45.725 [main            ] INFO  EndpointLinksResolver  - Exposing 1 endpoint(s) beneath base path '/actuator'
26-09-07.19:08:45.786 [main            ] INFO  RaffleActivityOrderDaoTest - Started RaffleActivityOrderDaoTest in 160.264 seconds (JVM running for 161.161)
26-09-07.19:08:50.388 [scheduling-1    ] INFO  UpdateAwardStockJob    - 定时任务，更新奖品消耗库存【延迟队列获取，降低对数据库的更新频次，不要产生竞争】
26-09-07.19:10:50.086 [scheduling-1    ] INFO  UpdateAwardStockJob    - 定时任务，更新奖品消耗库存【延迟队列获取，降低对数据库的更新频次，不要产生竞争】
26-09-07.19:11:22.301 [scheduling-1    ] INFO  UpdateAwardStockJob    - 定时任务，更新奖品消耗库存【延迟队列获取，降低对数据库的更新频次，不要产生竞争】
26-09-07.19:11:25.597 [scheduling-1    ] INFO  UpdateAwardStockJob    - 定时任务，更新奖品消耗库存【延迟队列获取，降低对数据库的更新频次，不要产生竞争】
26-09-07.19:14:03.721 [redisson-timer-4-1] ERROR PingConnectionHandler  - Unable to send PING command over channel: [id: 0x6f19a1cd, L:/192.168.55.130:8637 - R:192.168.55.200/192.168.55.200:6379]
org.redisson.client.RedisTimeoutException: Command execution timeout for command: (PING), params: [], Redis client: [addr=redis://192.168.55.200:6379]
	at org.redisson.client.RedisConnection.lambda$async$0(RedisConnection.java:256)
	at io.netty.util.HashedWheelTimer$HashedWheelTimeout.run(HashedWheelTimer.java:715)
	at io.netty.util.concurrent.ImmediateExecutor.execute(ImmediateExecutor.java:34)
	at io.netty.util.HashedWheelTimer$HashedWheelTimeout.expire(HashedWheelTimer.java:703)
	at io.netty.util.HashedWheelTimer$HashedWheelBucket.expireTimeouts(HashedWheelTimer.java:790)
	at io.netty.util.HashedWheelTimer$Worker.run(HashedWheelTimer.java:503)
	at io.netty.util.concurrent.FastThreadLocalRunnable.run(FastThreadLocalRunnable.java:30)
	at java.base/java.lang.Thread.run(Thread.java:842)
26-09-07.19:14:03.785 [main            ] INFO  HikariDataSource       - Retail_HikariCP - Starting...
26-09-07.19:14:04.713 [main            ] INFO  HikariDataSource       - Retail_HikariCP - Start completed.
26-09-07.19:14:05.862 [scheduling-1    ] INFO  UpdateAwardStockJob    - 定时任务，更新奖品消耗库存【延迟队列获取，降低对数据库的更新频次，不要产生竞争】
26-09-07.19:15:22.940 [main            ] INFO  RaffleActivityOrderDaoTest - Starting RaffleActivityOrderDaoTest using Java 17.0.14 on DESKTOP-VADTIRO with PID 23360 (started by asule in D:\coding\project\xfg_project\big-market\big-market-app)
26-09-07.19:15:22.941 [main            ] INFO  RaffleActivityOrderDaoTest - The following 1 profile is active: "dev"
26-09-07.19:15:23.713 [main            ] INFO  RepositoryConfigurationDelegate - Multiple Spring Data modules found, entering strict repository configuration mode
26-09-07.19:15:23.716 [main            ] INFO  RepositoryConfigurationDelegate - Bootstrapping Spring Data Redis repositories in DEFAULT mode.
26-09-07.19:15:23.750 [main            ] INFO  RepositoryConfigurationDelegate - Finished Spring Data repository scanning in 19 ms. Found 0 Redis repository interfaces.
26-09-07.19:15:25.174 [main            ] INFO  Version                - Redisson 3.23.4
26-09-07.19:15:25.476 [redisson-netty-2-4] INFO  MasterPubSubConnectionPool - 1 connections initialized for 192.168.55.200/192.168.55.200:6379
26-09-07.19:15:25.491 [redisson-netty-2-13] INFO  MasterConnectionPool   - 5 connections initialized for 192.168.55.200/192.168.55.200:6379
26-09-07.19:15:26.989 [main            ] INFO  EndpointLinksResolver  - Exposing 1 endpoint(s) beneath base path '/actuator'
26-09-07.19:15:27.043 [main            ] INFO  RaffleActivityOrderDaoTest - Started RaffleActivityOrderDaoTest in 4.46 seconds (JVM running for 5.259)
26-09-07.19:15:31.668 [scheduling-1    ] INFO  UpdateAwardStockJob    - 定时任务，更新奖品消耗库存【延迟队列获取，降低对数据库的更新频次，不要产生竞争】
26-09-07.19:15:35.957 [main            ] INFO  HikariDataSource       - Retail_HikariCP - Starting...
26-09-07.19:15:36.208 [main            ] INFO  HikariDataSource       - Retail_HikariCP - Start completed.
26-09-07.19:16:41.115 [main            ] INFO  RaffleActivityOrderDaoTest - Starting RaffleActivityOrderDaoTest using Java 17.0.14 on DESKTOP-VADTIRO with PID 2820 (started by asule in D:\coding\project\xfg_project\big-market\big-market-app)
26-09-07.19:16:41.116 [main            ] INFO  RaffleActivityOrderDaoTest - The following 1 profile is active: "dev"
26-09-07.19:16:41.864 [main            ] INFO  RepositoryConfigurationDelegate - Multiple Spring Data modules found, entering strict repository configuration mode
26-09-07.19:16:41.867 [main            ] INFO  RepositoryConfigurationDelegate - Bootstrapping Spring Data Redis repositories in DEFAULT mode.
26-09-07.19:16:41.899 [main            ] INFO  RepositoryConfigurationDelegate - Finished Spring Data repository scanning in 19 ms. Found 0 Redis repository interfaces.
26-09-07.19:16:43.189 [main            ] INFO  Version                - Redisson 3.23.4
26-09-07.19:16:43.530 [redisson-netty-2-5] INFO  MasterPubSubConnectionPool - 1 connections initialized for 192.168.55.200/192.168.55.200:6379
26-09-07.19:16:43.546 [redisson-netty-2-13] INFO  MasterConnectionPool   - 5 connections initialized for 192.168.55.200/192.168.55.200:6379
26-09-07.19:16:45.050 [main            ] INFO  EndpointLinksResolver  - Exposing 1 endpoint(s) beneath base path '/actuator'
26-09-07.19:16:45.106 [main            ] INFO  RaffleActivityOrderDaoTest - Started RaffleActivityOrderDaoTest in 4.327 seconds (JVM running for 5.122)
26-09-07.19:16:45.502 [main            ] INFO  HikariDataSource       - Retail_HikariCP - Starting...
26-09-07.19:16:45.785 [main            ] INFO  HikariDataSource       - Retail_HikariCP - Start completed.
26-09-07.19:17:13.055 [main            ] INFO  RaffleActivityOrderDaoTest - Starting RaffleActivityOrderDaoTest using Java 17.0.14 on DESKTOP-VADTIRO with PID 24040 (started by asule in D:\coding\project\xfg_project\big-market\big-market-app)
26-09-07.19:17:13.055 [main            ] INFO  RaffleActivityOrderDaoTest - The following 1 profile is active: "dev"
26-09-07.19:17:13.785 [main            ] INFO  RepositoryConfigurationDelegate - Multiple Spring Data modules found, entering strict repository configuration mode
26-09-07.19:17:13.788 [main            ] INFO  RepositoryConfigurationDelegate - Bootstrapping Spring Data Redis repositories in DEFAULT mode.
26-09-07.19:17:13.820 [main            ] INFO  RepositoryConfigurationDelegate - Finished Spring Data repository scanning in 19 ms. Found 0 Redis repository interfaces.
26-09-07.19:17:15.080 [main            ] INFO  Version                - Redisson 3.23.4
26-09-07.19:17:15.394 [redisson-netty-2-12] INFO  MasterConnectionPool   - 5 connections initialized for 192.168.55.200/192.168.55.200:6379
26-09-07.19:17:15.402 [redisson-netty-2-13] INFO  MasterPubSubConnectionPool - 1 connections initialized for 192.168.55.200/192.168.55.200:6379
26-09-07.19:17:16.888 [main            ] INFO  EndpointLinksResolver  - Exposing 1 endpoint(s) beneath base path '/actuator'
26-09-07.19:17:16.945 [main            ] INFO  RaffleActivityOrderDaoTest - Started RaffleActivityOrderDaoTest in 4.22 seconds (JVM running for 4.957)
26-09-07.19:17:17.347 [main            ] INFO  HikariDataSource       - Retail_HikariCP - Starting...
26-09-07.19:17:17.616 [main            ] INFO  HikariDataSource       - Retail_HikariCP - Start completed.
26-09-07.19:17:31.358 [main            ] INFO  RaffleActivityOrderDaoTest - Starting RaffleActivityOrderDaoTest using Java 17.0.14 on DESKTOP-VADTIRO with PID 27116 (started by asule in D:\coding\project\xfg_project\big-market\big-market-app)
26-09-07.19:17:31.359 [main            ] INFO  RaffleActivityOrderDaoTest - The following 1 profile is active: "dev"
26-09-07.19:17:32.065 [main            ] INFO  RepositoryConfigurationDelegate - Multiple Spring Data modules found, entering strict repository configuration mode
26-09-07.19:17:32.068 [main            ] INFO  RepositoryConfigurationDelegate - Bootstrapping Spring Data Redis repositories in DEFAULT mode.
26-09-07.19:17:32.101 [main            ] INFO  RepositoryConfigurationDelegate - Finished Spring Data repository scanning in 19 ms. Found 0 Redis repository interfaces.
26-09-07.19:17:33.348 [main            ] INFO  Version                - Redisson 3.23.4
26-09-07.19:17:33.638 [redisson-netty-2-5] INFO  MasterPubSubConnectionPool - 1 connections initialized for 192.168.55.200/192.168.55.200:6379
26-09-07.19:17:33.652 [redisson-netty-2-13] INFO  MasterConnectionPool   - 5 connections initialized for 192.168.55.200/192.168.55.200:6379
26-09-07.19:17:35.109 [main            ] INFO  EndpointLinksResolver  - Exposing 1 endpoint(s) beneath base path '/actuator'
26-09-07.19:17:35.163 [main            ] INFO  RaffleActivityOrderDaoTest - Started RaffleActivityOrderDaoTest in 4.125 seconds (JVM running for 4.83)
26-09-07.19:17:35.548 [main            ] INFO  HikariDataSource       - Retail_HikariCP - Starting...
26-09-07.19:17:35.806 [main            ] INFO  HikariDataSource       - Retail_HikariCP - Start completed.
26-09-07.19:17:50.121 [main            ] INFO  RaffleActivityOrderDaoTest - Starting RaffleActivityOrderDaoTest using Java 17.0.14 on DESKTOP-VADTIRO with PID 21932 (started by asule in D:\coding\project\xfg_project\big-market\big-market-app)
26-09-07.19:17:50.122 [main            ] INFO  RaffleActivityOrderDaoTest - The following 1 profile is active: "dev"
26-09-07.19:17:50.860 [main            ] INFO  RepositoryConfigurationDelegate - Multiple Spring Data modules found, entering strict repository configuration mode
26-09-07.19:17:50.864 [main            ] INFO  RepositoryConfigurationDelegate - Bootstrapping Spring Data Redis repositories in DEFAULT mode.
26-09-07.19:17:50.894 [main            ] INFO  RepositoryConfigurationDelegate - Finished Spring Data repository scanning in 18 ms. Found 0 Redis repository interfaces.
26-09-07.19:17:52.141 [main            ] INFO  Version                - Redisson 3.23.4
26-09-07.19:17:52.442 [redisson-netty-2-4] INFO  MasterPubSubConnectionPool - 1 connections initialized for 192.168.55.200/192.168.55.200:6379
26-09-07.19:17:52.462 [redisson-netty-2-13] INFO  MasterConnectionPool   - 5 connections initialized for 192.168.55.200/192.168.55.200:6379
26-09-07.19:17:54.065 [main            ] INFO  EndpointLinksResolver  - Exposing 1 endpoint(s) beneath base path '/actuator'
26-09-07.19:17:54.118 [main            ] INFO  RaffleActivityOrderDaoTest - Started RaffleActivityOrderDaoTest in 4.319 seconds (JVM running for 5.054)
26-09-07.19:17:54.527 [main            ] INFO  HikariDataSource       - Retail_HikariCP - Starting...
26-09-07.19:17:54.797 [main            ] INFO  HikariDataSource       - Retail_HikariCP - Start completed.
26-09-07.19:17:54.832 [main            ] INFO  HikariDataSource       - Retail_HikariCP - Starting...
26-09-07.19:17:54.856 [main            ] INFO  HikariDataSource       - Retail_HikariCP - Start completed.
26-09-07.19:32:55.304 [main            ] INFO  RaffleOrderTest        - Starting RaffleOrderTest using Java 17.0.14 on DESKTOP-VADTIRO with PID 436 (started by asule in D:\coding\project\xfg_project\big-market\big-market-app)
26-09-07.19:32:55.305 [main            ] INFO  RaffleOrderTest        - The following 1 profile is active: "dev"
26-09-07.19:32:56.149 [main            ] INFO  RepositoryConfigurationDelegate - Multiple Spring Data modules found, entering strict repository configuration mode
26-09-07.19:32:56.152 [main            ] INFO  RepositoryConfigurationDelegate - Bootstrapping Spring Data Redis repositories in DEFAULT mode.
26-09-07.19:32:56.200 [main            ] INFO  RepositoryConfigurationDelegate - Finished Spring Data repository scanning in 30 ms. Found 0 Redis repository interfaces.
26-09-07.19:32:57.383 [main            ] INFO  RaffleOrderTest        - Starting RaffleOrderTest using Java 17.0.14 on DESKTOP-VADTIRO with PID 11172 (started by asule in D:\coding\project\xfg_project\big-market\big-market-app)
26-09-07.19:32:57.385 [main            ] INFO  RaffleOrderTest        - The following 1 profile is active: "dev"
26-09-07.19:32:58.036 [main            ] INFO  Version                - Redisson 3.23.4
26-09-07.19:32:58.369 [main            ] INFO  RepositoryConfigurationDelegate - Multiple Spring Data modules found, entering strict repository configuration mode
26-09-07.19:32:58.372 [main            ] INFO  RepositoryConfigurationDelegate - Bootstrapping Spring Data Redis repositories in DEFAULT mode.
26-09-07.19:32:58.424 [main            ] INFO  RepositoryConfigurationDelegate - Finished Spring Data repository scanning in 33 ms. Found 0 Redis repository interfaces.
26-09-07.19:32:58.449 [redisson-netty-2-5] INFO  MasterPubSubConnectionPool - 1 connections initialized for 192.168.55.200/192.168.55.200:6379
26-09-07.19:32:58.470 [redisson-netty-2-13] INFO  MasterConnectionPool   - 5 connections initialized for 192.168.55.200/192.168.55.200:6379
26-09-07.19:33:00.406 [main            ] INFO  Version                - Redisson 3.23.4
26-09-07.19:33:00.459 [main            ] INFO  EndpointLinksResolver  - Exposing 1 endpoint(s) beneath base path '/actuator'
26-09-07.19:33:00.509 [main            ] INFO  RaffleOrderTest        - Started RaffleOrderTest in 5.547 seconds (JVM running for 6.08)
26-09-07.19:33:00.775 [redisson-netty-2-5] INFO  MasterPubSubConnectionPool - 1 connections initialized for 192.168.55.200/192.168.55.200:6379
26-09-07.19:33:00.796 [redisson-netty-2-13] INFO  MasterConnectionPool   - 5 connections initialized for 192.168.55.200/192.168.55.200:6379
26-09-07.19:33:00.900 [main            ] INFO  HikariDataSource       - Retail_HikariCP - Starting...
26-09-07.19:33:01.171 [main            ] INFO  HikariDataSource       - Retail_HikariCP - Start completed.
26-09-07.19:33:01.256 [main            ] INFO  ActivityBaseActionChain - 活动责任链-基础信息【有效期、状态】校验开始。
26-09-07.19:33:01.256 [main            ] INFO  ActivitySkuStockActionChain - 活动责任链-商品库存处理【校验&扣减】开始。
26-09-07.19:33:01.260 [main            ] INFO  HikariDataSource       - Retail_HikariCP - Starting...
26-09-07.19:33:01.292 [main            ] INFO  HikariDataSource       - Retail_HikariCP - Start completed.
26-09-07.19:33:02.507 [main            ] INFO  EndpointLinksResolver  - Exposing 1 endpoint(s) beneath base path '/actuator'
26-09-07.19:33:02.557 [main            ] INFO  RaffleOrderTest        - Started RaffleOrderTest in 5.717 seconds (JVM running for 6.59)
26-09-07.19:33:05.542 [scheduling-1    ] INFO  UpdateAwardStockJob    - 定时任务，更新奖品消耗库存【延迟队列获取，降低对数据库的更新频次，不要产生竞争】
26-09-07.19:33:05.574 [main            ] INFO  HikariDataSource       - Retail_HikariCP - Starting...
26-09-07.19:33:07.787 [main            ] INFO  RaffleOrderTest        - Starting RaffleOrderTest using Java 17.0.14 on DESKTOP-VADTIRO with PID 24544 (started by asule in D:\coding\project\xfg_project\big-market\big-market-app)
26-09-07.19:33:07.788 [main            ] INFO  RaffleOrderTest        - The following 1 profile is active: "dev"
26-09-07.19:33:08.488 [main            ] INFO  RepositoryConfigurationDelegate - Multiple Spring Data modules found, entering strict repository configuration mode
26-09-07.19:33:08.490 [main            ] INFO  RepositoryConfigurationDelegate - Bootstrapping Spring Data Redis repositories in DEFAULT mode.
26-09-07.19:33:08.523 [main            ] INFO  RepositoryConfigurationDelegate - Finished Spring Data repository scanning in 18 ms. Found 0 Redis repository interfaces.
26-09-07.19:33:09.834 [main            ] INFO  Version                - Redisson 3.23.4
26-09-07.19:33:10.139 [redisson-netty-2-5] INFO  MasterPubSubConnectionPool - 1 connections initialized for 192.168.55.200/192.168.55.200:6379
26-09-07.19:33:10.165 [redisson-netty-2-13] INFO  MasterConnectionPool   - 5 connections initialized for 192.168.55.200/192.168.55.200:6379
26-09-07.19:33:11.728 [main            ] INFO  EndpointLinksResolver  - Exposing 1 endpoint(s) beneath base path '/actuator'
26-09-07.19:33:11.781 [main            ] INFO  RaffleOrderTest        - Started RaffleOrderTest in 4.356 seconds (JVM running for 5.029)
26-09-07.19:33:23.976 [scheduling-1    ] INFO  UpdateAwardStockJob    - 定时任务，更新奖品消耗库存【延迟队列获取，降低对数据库的更新频次，不要产生竞争】
26-09-07.19:34:16.506 [main            ] INFO  HikariDataSource       - Retail_HikariCP - Starting...
26-09-07.19:34:17.348 [main            ] INFO  HikariDataSource       - Retail_HikariCP - Start completed.
26-09-07.19:34:23.590 [scheduling-1    ] INFO  UpdateAwardStockJob    - 定时任务，更新奖品消耗库存【延迟队列获取，降低对数据库的更新频次，不要产生竞争】
26-09-07.19:34:29.094 [scheduling-1    ] INFO  UpdateAwardStockJob    - 定时任务，更新奖品消耗库存【延迟队列获取，降低对数据库的更新频次，不要产生竞争】
26-09-07.19:34:31.736 [scheduling-1    ] INFO  UpdateAwardStockJob    - 定时任务，更新奖品消耗库存【延迟队列获取，降低对数据库的更新频次，不要产生竞争】
26-09-07.19:34:36.050 [scheduling-1    ] INFO  UpdateAwardStockJob    - 定时任务，更新奖品消耗库存【延迟队列获取，降低对数据库的更新频次，不要产生竞争】
26-09-07.19:34:36.052 [main            ] INFO  ActivityBaseActionChain - 活动责任链-基础信息【有效期、状态】校验开始。
26-09-07.19:34:39.784 [main            ] INFO  ActivitySkuStockActionChain - 活动责任链-商品库存处理【校验&扣减】开始。
26-09-07.19:34:40.190 [scheduling-1    ] INFO  UpdateAwardStockJob    - 定时任务，更新奖品消耗库存【延迟队列获取，降低对数据库的更新频次，不要产生竞争】
26-09-07.19:34:47.428 [scheduling-1    ] INFO  UpdateAwardStockJob    - 定时任务，更新奖品消耗库存【延迟队列获取，降低对数据库的更新频次，不要产生竞争】
26-09-07.19:34:50.638 [scheduling-1    ] INFO  UpdateAwardStockJob    - 定时任务，更新奖品消耗库存【延迟队列获取，降低对数据库的更新频次，不要产生竞争】
26-09-07.19:35:10.701 [scheduling-1    ] INFO  UpdateAwardStockJob    - 定时任务，更新奖品消耗库存【延迟队列获取，降低对数据库的更新频次，不要产生竞争】
26-09-07.19:35:10.718 [main            ] INFO  HikariDataSource       - Retail_HikariCP - Starting...
26-09-07.19:35:10.872 [main            ] INFO  HikariDataSource       - Retail_HikariCP - Start completed.
26-09-07.19:35:47.916 [scheduling-1    ] INFO  UpdateAwardStockJob    - 定时任务，更新奖品消耗库存【延迟队列获取，降低对数据库的更新频次，不要产生竞争】
26-09-07.19:35:47.916 [Retail_HikariCP housekeeper] WARN  HikariPool             - Retail_HikariCP - Thread starvation or clock leap detected (housekeeper delta=1m7s43ms507µs600ns).
26-09-07.19:35:47.916 [Retail_HikariCP housekeeper] WARN  HikariPool             - Retail_HikariCP - Thread starvation or clock leap detected (housekeeper delta=47s585ms567µs900ns).
26-09-07.19:35:51.366 [main            ] INFO  RaffleOrderTest        - Starting RaffleOrderTest using Java 17.0.14 on DESKTOP-VADTIRO with PID 26484 (started by asule in D:\coding\project\xfg_project\big-market\big-market-app)
26-09-07.19:35:51.367 [main            ] INFO  RaffleOrderTest        - The following 1 profile is active: "dev"
26-09-07.19:35:52.072 [main            ] INFO  RepositoryConfigurationDelegate - Multiple Spring Data modules found, entering strict repository configuration mode
26-09-07.19:35:52.075 [main            ] INFO  RepositoryConfigurationDelegate - Bootstrapping Spring Data Redis repositories in DEFAULT mode.
26-09-07.19:35:52.108 [main            ] INFO  RepositoryConfigurationDelegate - Finished Spring Data repository scanning in 18 ms. Found 0 Redis repository interfaces.
26-09-07.19:35:53.499 [main            ] INFO  Version                - Redisson 3.23.4
26-09-07.19:35:53.814 [redisson-netty-2-5] INFO  MasterPubSubConnectionPool - 1 connections initialized for 192.168.55.200/192.168.55.200:6379
26-09-07.19:35:53.833 [redisson-netty-2-13] INFO  MasterConnectionPool   - 5 connections initialized for 192.168.55.200/192.168.55.200:6379
26-09-07.19:35:55.394 [main            ] INFO  EndpointLinksResolver  - Exposing 1 endpoint(s) beneath base path '/actuator'
26-09-07.19:35:55.452 [main            ] INFO  RaffleOrderTest        - Started RaffleOrderTest in 4.439 seconds (JVM running for 5.083)
26-09-07.19:35:59.508 [main            ] INFO  HikariDataSource       - Retail_HikariCP - Starting...
26-09-07.19:35:59.737 [main            ] INFO  HikariDataSource       - Retail_HikariCP - Start completed.
26-09-07.19:35:59.808 [main            ] INFO  ActivityBaseActionChain - 活动责任链-基础信息【有效期、状态】校验开始。
26-09-07.19:35:59.808 [main            ] INFO  ActivitySkuStockActionChain - 活动责任链-商品库存处理【校验&扣减】开始。
26-09-07.19:35:59.811 [main            ] INFO  HikariDataSource       - Retail_HikariCP - Starting...
26-09-07.19:35:59.829 [main            ] INFO  HikariDataSource       - Retail_HikariCP - Start completed.
26-09-07.19:36:11.284 [scheduling-1    ] INFO  UpdateAwardStockJob    - 定时任务，更新奖品消耗库存【延迟队列获取，降低对数据库的更新频次，不要产生竞争】
26-09-07.19:36:16.159 [scheduling-1    ] INFO  UpdateAwardStockJob    - 定时任务，更新奖品消耗库存【延迟队列获取，降低对数据库的更新频次，不要产生竞争】
26-09-07.19:36:26.566 [scheduling-1    ] INFO  UpdateAwardStockJob    - 定时任务，更新奖品消耗库存【延迟队列获取，降低对数据库的更新频次，不要产生竞争】
26-09-07.19:36:29.661 [main            ] INFO  RaffleOrderTest        - 测试结果：697312714612
